###############################################################################
#
# IAR ELF Linker V7.10.3.6832/W32 for ARM                 19/Dec/2021  18:51:32
# Copyright 2007-2014 IAR Systems AB.
#
#    Output file  =  
#        D:\Coretex_code\step_test\2021.12.19_cortex_steppermotor\EWARM\step_test\Exe\step_test.out
#    Map file     =  
#        D:\Coretex_code\step_test\2021.12.19_cortex_steppermotor\EWARM\step_test/List\step_test.map
#    Command line =  
#        D:\Coretex_code\step_test\2021.12.19_cortex_steppermotor\EWARM\step_test\Obj\main.o
#        D:\Coretex_code\step_test\2021.12.19_cortex_steppermotor\EWARM\step_test\Obj\startup_stm32f401xe.o
#        D:\Coretex_code\step_test\2021.12.19_cortex_steppermotor\EWARM\step_test\Obj\stepper.o
#        D:\Coretex_code\step_test\2021.12.19_cortex_steppermotor\EWARM\step_test\Obj\stm32f4xx_hal.o
#        D:\Coretex_code\step_test\2021.12.19_cortex_steppermotor\EWARM\step_test\Obj\stm32f4xx_hal_cortex.o
#        D:\Coretex_code\step_test\2021.12.19_cortex_steppermotor\EWARM\step_test\Obj\stm32f4xx_hal_dma.o
#        D:\Coretex_code\step_test\2021.12.19_cortex_steppermotor\EWARM\step_test\Obj\stm32f4xx_hal_dma_ex.o
#        D:\Coretex_code\step_test\2021.12.19_cortex_steppermotor\EWARM\step_test\Obj\stm32f4xx_hal_flash.o
#        D:\Coretex_code\step_test\2021.12.19_cortex_steppermotor\EWARM\step_test\Obj\stm32f4xx_hal_flash_ex.o
#        D:\Coretex_code\step_test\2021.12.19_cortex_steppermotor\EWARM\step_test\Obj\stm32f4xx_hal_flash_ramfunc.o
#        D:\Coretex_code\step_test\2021.12.19_cortex_steppermotor\EWARM\step_test\Obj\stm32f4xx_hal_gpio.o
#        D:\Coretex_code\step_test\2021.12.19_cortex_steppermotor\EWARM\step_test\Obj\stm32f4xx_hal_msp.o
#        D:\Coretex_code\step_test\2021.12.19_cortex_steppermotor\EWARM\step_test\Obj\stm32f4xx_hal_pwr.o
#        D:\Coretex_code\step_test\2021.12.19_cortex_steppermotor\EWARM\step_test\Obj\stm32f4xx_hal_pwr_ex.o
#        D:\Coretex_code\step_test\2021.12.19_cortex_steppermotor\EWARM\step_test\Obj\stm32f4xx_hal_rcc.o
#        D:\Coretex_code\step_test\2021.12.19_cortex_steppermotor\EWARM\step_test\Obj\stm32f4xx_hal_rcc_ex.o
#        D:\Coretex_code\step_test\2021.12.19_cortex_steppermotor\EWARM\step_test\Obj\stm32f4xx_hal_tim.o
#        D:\Coretex_code\step_test\2021.12.19_cortex_steppermotor\EWARM\step_test\Obj\stm32f4xx_hal_tim_ex.o
#        D:\Coretex_code\step_test\2021.12.19_cortex_steppermotor\EWARM\step_test\Obj\stm32f4xx_hal_uart.o
#        D:\Coretex_code\step_test\2021.12.19_cortex_steppermotor\EWARM\step_test\Obj\stm32f4xx_it.o
#        D:\Coretex_code\step_test\2021.12.19_cortex_steppermotor\EWARM\step_test\Obj\system_stm32f4xx.o
#        --redirect _Printf=_PrintfFull --redirect _Scanf=_ScanfFull -o
#        D:\Coretex_code\step_test\2021.12.19_cortex_steppermotor\EWARM\step_test\Exe\step_test.out
#        --map
#        D:\Coretex_code\step_test\2021.12.19_cortex_steppermotor\EWARM\step_test/List\step_test.map
#        --config
#        D:\Coretex_code\step_test\2021.12.19_cortex_steppermotor\EWARM/stm32f401xe_flash.icf
#        --semihosting --entry __iar_program_start --vfe
#
###############################################################################

*******************************************************************************
*** RUNTIME MODEL ATTRIBUTES
***

CppFlavor       = *
__SystemLibrary = DLib


*******************************************************************************
*** PLACEMENT SUMMARY
***

"A1":  place at 0x08000000 { ro section .intvec };
"P1":  place in [from 0x08000000 to 0x0807ffff] { ro };
"P2":  place in [from 0x20000000 to 0x20017fff] { rw, block CSTACK, block HEAP };

  Section            Kind        Address    Size  Object
  -------            ----        -------    ----  ------
"A1":                                      0x194
  .intvec            ro code  0x08000000   0x194  startup_stm32f401xe.o [1]
                            - 0x08000194   0x194

"P1":                                     0x22f8
  .text              ro code  0x08000194   0x6f6  stm32f4xx_hal_tim.o [1]
  .text              ro code  0x0800088a    0x2e  copy_init3.o [5]
  .text              ro code  0x080008b8   0x1a8  stm32f4xx_hal_msp.o [1]
  .text              ro code  0x08000a60   0x430  main.o [1]
  .text              ro code  0x08000e90    0x5a  stm32f4xx_hal_tim_ex.o [1]
  .text              ro code  0x08000eea    0x22  zero_init3.o [5]
  .text              ro code  0x08000f0c    0xf6  stm32f4xx_hal_cortex.o [1]
  .text              ro code  0x08001004   0x1b4  stm32f4xx_hal_gpio.o [1]
  .text              ro code  0x080011b8    0x2c  I32ToDbl.o [4]
  .text              ro code  0x080011e4   0x180  DblSub.o [4]
  .text              ro code  0x08001364    0x2e  DblCmpGe.o [4]
  .text              ro code  0x08001394    0x2e  DblCmpLe.o [4]
  .text              ro code  0x080013c4    0xd0  stepper.o [1]
  .text              ro code  0x08001494    0x88  stm32f4xx_hal.o [1]
  .text              ro code  0x0800151c   0x208  stm32f4xx_hal_uart.o [1]
  .text              ro code  0x08001724   0x460  stm32f4xx_hal_rcc.o [1]
  .text              ro code  0x08001b84    0xd4  DblAdd.o [4]
  .text              ro code  0x08001c58   0x1a2  DblMul.o [4]
  .text              ro code  0x08001dfc   0x246  DblDiv.o [4]
  .text              ro code  0x08002044    0x4c  DblToI32.o [4]
  .text              ro code  0x08002090    0x20  DblCmpEq.o [4]
  .text              ro code  0x080020b0    0xee  I64DivMod.o [5]
  .text              ro code  0x080021a0     0x2  I64DivZer.o [5]
  .text              ro code  0x080021a4    0x60  system_stm32f4xx.o [1]
  .text              ro code  0x08002204    0x30  stm32f4xx_it.o [1]
  .text              ro code  0x08002234    0x28  data_init.o [5]
  .iar.init_table    const    0x0800225c    0x24  - Linker created -
  .text              ro code  0x08002280    0x1a  fpinit_M.o [4]
  .text              ro code  0x0800229c    0x1a  cmain.o [5]
  .text              ro code  0x080022b6     0x4  low_level_init.o [3]
  .text              ro code  0x080022ba     0x4  exit.o [3]
  .text              ro code  0x080022c0     0xa  cexit.o [5]
  .text              ro code  0x080022cc    0x14  exit.o [6]
  .text              ro code  0x080022e0    0x10  startup_stm32f401xe.o [1]
  .text              ro code  0x080022f0     0xc  cstartup_M.o [5]
  .rodata            const    0x080022fc     0x8  system_stm32f4xx.o [1]
  .text              ro code  0x08002304     0x4  startup_stm32f401xe.o [1]
  .text              ro code  0x08002308     0x4  startup_stm32f401xe.o [1]
  .text              ro code  0x0800230c     0x4  startup_stm32f401xe.o [1]
  .text              ro code  0x08002310     0x4  startup_stm32f401xe.o [1]
  .text              ro code  0x08002314     0x4  startup_stm32f401xe.o [1]
  .text              ro code  0x08002318     0x4  startup_stm32f401xe.o [1]
  .text              ro code  0x0800231c     0x4  startup_stm32f401xe.o [1]
  .text              ro code  0x08002320     0x4  startup_stm32f401xe.o [1]
  .text              ro code  0x08002324     0x4  startup_stm32f401xe.o [1]
  .text              ro code  0x08002328     0x4  startup_stm32f401xe.o [1]
  .text              ro code  0x0800232c     0x4  startup_stm32f401xe.o [1]
  .text              ro code  0x08002330     0x4  startup_stm32f401xe.o [1]
  .text              ro code  0x08002334     0x4  startup_stm32f401xe.o [1]
  .text              ro code  0x08002338     0x4  startup_stm32f401xe.o [1]
  .text              ro code  0x0800233c     0x4  startup_stm32f401xe.o [1]
  .text              ro code  0x08002340     0x4  startup_stm32f401xe.o [1]
  .text              ro code  0x08002344     0x4  startup_stm32f401xe.o [1]
  .text              ro code  0x08002348     0x4  startup_stm32f401xe.o [1]
  .text              ro code  0x0800234c     0x4  startup_stm32f401xe.o [1]
  .text              ro code  0x08002350     0x4  startup_stm32f401xe.o [1]
  .text              ro code  0x08002354     0x4  startup_stm32f401xe.o [1]
  .text              ro code  0x08002358     0x4  startup_stm32f401xe.o [1]
  .text              ro code  0x0800235c     0x4  startup_stm32f401xe.o [1]
  .text              ro code  0x08002360     0x4  startup_stm32f401xe.o [1]
  .text              ro code  0x08002364     0x4  startup_stm32f401xe.o [1]
  .text              ro code  0x08002368     0x4  startup_stm32f401xe.o [1]
  .text              ro code  0x0800236c     0x4  startup_stm32f401xe.o [1]
  .text              ro code  0x08002370     0x4  startup_stm32f401xe.o [1]
  .text              ro code  0x08002374     0x4  startup_stm32f401xe.o [1]
  .text              ro code  0x08002378     0x4  startup_stm32f401xe.o [1]
  .text              ro code  0x0800237c     0x4  startup_stm32f401xe.o [1]
  .text              ro code  0x08002380     0x4  startup_stm32f401xe.o [1]
  .text              ro code  0x08002384     0x4  startup_stm32f401xe.o [1]
  .text              ro code  0x08002388     0x4  startup_stm32f401xe.o [1]
  .text              ro code  0x0800238c     0x4  startup_stm32f401xe.o [1]
  .text              ro code  0x08002390     0x4  startup_stm32f401xe.o [1]
  .text              ro code  0x08002394     0x4  startup_stm32f401xe.o [1]
  .text              ro code  0x08002398     0x4  startup_stm32f401xe.o [1]
  .text              ro code  0x0800239c     0x4  startup_stm32f401xe.o [1]
  .text              ro code  0x080023a0     0x4  startup_stm32f401xe.o [1]
  .text              ro code  0x080023a4     0x4  startup_stm32f401xe.o [1]
  .text              ro code  0x080023a8     0x4  startup_stm32f401xe.o [1]
  .text              ro code  0x080023ac     0x4  startup_stm32f401xe.o [1]
  .text              ro code  0x080023b0     0x4  startup_stm32f401xe.o [1]
  .text              ro code  0x080023b4     0x4  startup_stm32f401xe.o [1]
  .text              ro code  0x080023b8     0x4  startup_stm32f401xe.o [1]
  .text              ro code  0x080023bc     0x4  startup_stm32f401xe.o [1]
  .text              ro code  0x080023c0     0x4  startup_stm32f401xe.o [1]
  .text              ro code  0x080023c4     0x4  startup_stm32f401xe.o [1]
  .text              ro code  0x080023c8     0x4  startup_stm32f401xe.o [1]
  .text              ro code  0x080023cc     0x4  startup_stm32f401xe.o [1]
  .text              ro code  0x080023d0     0x4  startup_stm32f401xe.o [1]
  .text              ro code  0x080023d4     0x4  startup_stm32f401xe.o [1]
  .text              ro code  0x080023d8     0x4  startup_stm32f401xe.o [1]
  .text              ro code  0x080023dc     0x4  startup_stm32f401xe.o [1]
  .text              ro code  0x080023e0     0x4  startup_stm32f401xe.o [1]
  .text              ro code  0x080023e4     0x4  startup_stm32f401xe.o [1]
  .text              ro code  0x080023e8     0x4  startup_stm32f401xe.o [1]
  .text              ro code  0x080023ec     0x4  startup_stm32f401xe.o [1]
  .rodata            const    0x080023f0     0x0  zero_init3.o [5]
  .rodata            const    0x080023f0     0x0  copy_init3.o [5]
  Initializer bytes  ro data  0x080023f0    0x9c  <for P2 s0> (used: 0x98)
                            - 0x0800248c  0x22f8

"P2", part 1 of 3:                          0x98
  P2 s0                       0x20000000    0x98  <Init block>
    .data            inited   0x20000000    0x40  main.o [1]
    .data            inited   0x20000040    0x2c  stepper.o [1]
    .data            inited   0x2000006c     0xc  stm32f4xx_hal.o [1]
    .data            inited   0x20000078    0x18  main.o [1]
    .data            inited   0x20000090     0x4  stepper.o [1]
    .data            inited   0x20000094     0x4  system_stm32f4xx.o [1]
                            - 0x20000098    0x98

"P2", part 2 of 3:                          0xb8
  .bss               zero     0x20000098    0x7c  main.o [1]
  .bss               zero     0x20000114    0x3c  main.o [1]
                            - 0x20000150    0xb8

"P2", part 3 of 3:                         0x400
  CSTACK                      0x20000150   0x400  <Block>
    CSTACK           uninit   0x20000150   0x400  <Block tail>
                            - 0x20000550   0x400


*******************************************************************************
*** INIT TABLE
***

          Address     Size
          -------     ----
Zero (__iar_zero_init3)
    1 destination range, total size 0xb8:
          0x20000098  0xb8

Copy (__iar_copy_init3)
    1 source range, total size 0x9c (102% of destination):
          0x080023f0  0x9c
    1 destination range, total size 0x98:
          0x20000000  0x98



*******************************************************************************
*** MODULE SUMMARY
***

    Module                  ro code  ro data  rw data
    ------                  -------  -------  -------
D:\Coretex_code\step_test\2021.12.19_cortex_steppermotor\EWARM\step_test\Obj: [1]
    main.o                    1 072       88      272
    startup_stm32f401xe.o       656
    stepper.o                   208       48       48
    stm32f4xx_hal.o             136       12       12
    stm32f4xx_hal_cortex.o      246
    stm32f4xx_hal_gpio.o        436
    stm32f4xx_hal_msp.o         424
    stm32f4xx_hal_rcc.o       1 120
    stm32f4xx_hal_tim.o       1 782
    stm32f4xx_hal_tim_ex.o       90
    stm32f4xx_hal_uart.o        520
    stm32f4xx_it.o               48
    system_stm32f4xx.o           96       12        4
    -------------------------------------------------
    Total:                    6 834      160      336

command line: [2]
    -------------------------------------------------
    Total:

dl7M_tlf.a: [3]
    exit.o                        4
    low_level_init.o              4
    -------------------------------------------------
    Total:                        8

m7M_tlv.a: [4]
    DblAdd.o                    212
    DblCmpEq.o                   32
    DblCmpGe.o                   46
    DblCmpLe.o                   46
    DblDiv.o                    582
    DblMul.o                    418
    DblSub.o                    384
    DblToI32.o                   76
    I32ToDbl.o                   44
    fpinit_M.o                   26
    -------------------------------------------------
    Total:                    1 866

rt7M_tl.a: [5]
    I64DivMod.o                 238
    I64DivZer.o                   2
    cexit.o                      10
    cmain.o                      26
    copy_init3.o                 46
    cstartup_M.o                 12
    data_init.o                  40
    zero_init3.o                 34
    -------------------------------------------------
    Total:                      408

shb_l.a: [6]
    exit.o                       20
    -------------------------------------------------
    Total:                       20

    Gaps                         20
    Linker created                        40    1 024
-----------------------------------------------------
    Grand Total:              9 156      200    1 360


*******************************************************************************
*** ENTRY LIST
***

Entry                      Address   Size  Type      Object
-----                      -------   ----  ----      ------
?main                   0x0800229d         Code  Gb  cmain.o [5]
AHBPrescTable           0x080021f4   0x10  Data  Gb  system_stm32f4xx.o [1]
APBPrescTable           0x080022fc    0x8  Data  Gb  system_stm32f4xx.o [1]
CSTACK$$Base            0x20000150          --   Gb  - Linker created -
CSTACK$$Limit           0x20000550          --   Gb  - Linker created -
Encoder5                0x20000088    0x4  Data  Gb  main.o [1]
HAL_GPIO_Init           0x08001005  0x182  Code  Gb  stm32f4xx_hal_gpio.o [1]
HAL_GPIO_TogglePin      0x0800118f    0x8  Code  Gb  stm32f4xx_hal_gpio.o [1]
HAL_GPIO_WritePin       0x08001187    0x8  Code  Gb  stm32f4xx_hal_gpio.o [1]
HAL_GetTick             0x0800150b    0x6  Code  Wk  stm32f4xx_hal.o [1]
HAL_IncTick             0x080014fd    0xe  Code  Wk  stm32f4xx_hal.o [1]
HAL_Init                0x08001495   0x30  Code  Gb  stm32f4xx_hal.o [1]
HAL_InitTick            0x080014c5   0x38  Code  Wk  stm32f4xx_hal.o [1]
HAL_MspInit             0x080008b9   0x60  Code  Gb  stm32f4xx_hal_msp.o [1]
HAL_NVIC_EnableIRQ      0x08000f8d    0xc  Code  Gb  stm32f4xx_hal_cortex.o [1]
HAL_NVIC_SetPriority    0x08000f4b   0x42  Code  Gb  stm32f4xx_hal_cortex.o [1]
HAL_NVIC_SetPriorityGrouping
                        0x08000f31   0x1a  Code  Gb  stm32f4xx_hal_cortex.o [1]
HAL_RCC_ClockConfig     0x080019d3  0x10a  Code  Gb  stm32f4xx_hal_rcc.o [1]
HAL_RCC_GetHCLKFreq     0x08001b29    0x6  Code  Gb  stm32f4xx_hal_rcc.o [1]
HAL_RCC_GetPCLK1Freq    0x08001b2f   0x10  Code  Gb  stm32f4xx_hal_rcc.o [1]
HAL_RCC_GetPCLK2Freq    0x08001b3f    0xe  Code  Gb  stm32f4xx_hal_rcc.o [1]
HAL_RCC_GetSysClockFreq
                        0x08001add   0x4c  Code  Wk  stm32f4xx_hal_rcc.o [1]
HAL_RCC_OscConfig       0x08001725  0x2a6  Code  Wk  stm32f4xx_hal_rcc.o [1]
HAL_SYSTICK_CLKSourceConfig
                        0x08000fc9   0x14  Code  Gb  stm32f4xx_hal_cortex.o [1]
HAL_SYSTICK_Callback    0x08001001    0x2  Code  Wk  stm32f4xx_hal_cortex.o [1]
HAL_SYSTICK_Config      0x08000fa1   0x28  Code  Gb  stm32f4xx_hal_cortex.o [1]
HAL_SYSTICK_IRQHandler  0x08000ff9    0x8  Code  Gb  stm32f4xx_hal_cortex.o [1]
HAL_TIMEx_BreakCallback
                        0x08000ee9    0x2  Code  Wk  stm32f4xx_hal_tim_ex.o [1]
HAL_TIMEx_CommutationCallback
                        0x08000ee7    0x2  Code  Wk  stm32f4xx_hal_tim_ex.o [1]
HAL_TIMEx_MasterConfigSynchronization
                        0x08000e9d   0x4a  Code  Gb  stm32f4xx_hal_tim_ex.o [1]
HAL_TIM_Base_Init       0x08000195   0x1a  Code  Gb  stm32f4xx_hal_tim.o [1]
HAL_TIM_Base_MspInit    0x08000919   0x62  Code  Gb  stm32f4xx_hal_msp.o [1]
HAL_TIM_Base_Start_IT   0x080001af   0x16  Code  Gb  stm32f4xx_hal_tim.o [1]
HAL_TIM_ConfigClockSource
                        0x0800055f   0xb4  Code  Gb  stm32f4xx_hal_tim.o [1]
HAL_TIM_Encoder_Init    0x08000285   0x8a  Code  Gb  stm32f4xx_hal_tim.o [1]
HAL_TIM_Encoder_MspInit
                        0x0800097b   0x4e  Code  Gb  stm32f4xx_hal_msp.o [1]
HAL_TIM_Encoder_Start   0x08000319   0x20  Code  Gb  stm32f4xx_hal_tim.o [1]
HAL_TIM_IC_CaptureCallback
                        0x08000635    0x2  Code  Wk  stm32f4xx_hal_tim.o [1]
HAL_TIM_IRQHandler      0x08000343  0x14a  Code  Gb  stm32f4xx_hal_tim.o [1]
HAL_TIM_MspPostInit     0x080009c9   0x2e  Code  Gb  stm32f4xx_hal_msp.o [1]
HAL_TIM_OC_DelayElapsedCallback
                        0x08000633    0x2  Code  Wk  stm32f4xx_hal_tim.o [1]
HAL_TIM_PWM_ConfigChannel
                        0x0800048d   0xd2  Code  Gb  stm32f4xx_hal_tim.o [1]
HAL_TIM_PWM_Init        0x080001dd   0x1a  Code  Gb  stm32f4xx_hal_tim.o [1]
HAL_TIM_PWM_MspInit     0x080001f7    0x2  Code  Wk  stm32f4xx_hal_tim.o [1]
HAL_TIM_PWM_PulseFinishedCallback
                        0x08000637    0x2  Code  Wk  stm32f4xx_hal_tim.o [1]
HAL_TIM_PWM_Start       0x080001f9    0x8  Code  Gb  stm32f4xx_hal_tim.o [1]
HAL_TIM_PeriodElapsedCallback
                        0x08000abf   0x6e  Code  Gb  main.o [1]
HAL_TIM_TriggerCallback
                        0x08000639    0x2  Code  Wk  stm32f4xx_hal_tim.o [1]
HAL_UART_Init           0x0800151d   0x30  Code  Gb  stm32f4xx_hal_uart.o [1]
HAL_UART_MspInit        0x080009f7   0x3c  Code  Gb  stm32f4xx_hal_msp.o [1]
MX_GPIO_Init            0x08000d8d   0xa6  Code  Lc  main.o [1]
MX_TIM10_Init           0x08000d31   0x54  Code  Lc  main.o [1]
MX_TIM3_Init            0x08000cd5   0x48  Code  Lc  main.o [1]
NVIC_GetPriorityGrouping
                        0x08000f0d    0xa  Code  Lc  stm32f4xx_hal_cortex.o [1]
NVIC_SetPriority        0x08000f17   0x1a  Code  Lc  stm32f4xx_hal_cortex.o [1]
P                       0x20000068    0x4  Data  Gb  stepper.o [1]
P_gain                  0x20000060    0x8  Data  Gb  stepper.o [1]
PendSV_Handler          0x08002207    0x2  Code  Gb  stm32f4xx_it.o [1]
Region$$Table$$Base     0x0800225c          --   Gb  - Linker created -
Region$$Table$$Limit    0x08002280          --   Gb  - Linker created -
SVC_Handler             0x08002205    0x2  Code  Gb  stm32f4xx_it.o [1]
SysTick_Handler         0x08002209    0xe  Code  Gb  stm32f4xx_it.o [1]
SystemClock_Config      0x08000c1f   0xae  Code  Gb  main.o [1]
SystemCoreClock         0x20000094    0x4  Data  Gb  system_stm32f4xx.o [1]
SystemInit              0x080021a5   0x3a  Code  Gb  system_stm32f4xx.o [1]
T                       0x20000090    0x4  Data  Gb  stepper.o [1]
TIM1_UP_TIM10_IRQHandler
                        0x08002217    0x6  Code  Gb  stm32f4xx_it.o [1]
TIM3_IRQHandler         0x0800221d    0x6  Code  Gb  stm32f4xx_it.o [1]
TIM5_IRQHandler         0x08002223    0x6  Code  Gb  stm32f4xx_it.o [1]
TIM_Base_SetConfig      0x0800063b   0x72  Code  Gb  stm32f4xx_hal_tim.o [1]
TIM_CCxChannelCmd       0x08000709   0x18  Code  Gb  stm32f4xx_hal_tim.o [1]
TIM_ETR_SetConfig       0x08000877   0x14  Code  Lc  stm32f4xx_hal_tim.o [1]
TIM_ITRx_SetConfig      0x08000867   0x10  Code  Lc  stm32f4xx_hal_tim.o [1]
TIM_OC1_SetConfig       0x08000721   0x4a  Code  Lc  stm32f4xx_hal_tim.o [1]
TIM_OC2_SetConfig       0x080006b5   0x52  Code  Gb  stm32f4xx_hal_tim.o [1]
TIM_OC3_SetConfig       0x0800076b   0x50  Code  Lc  stm32f4xx_hal_tim.o [1]
TIM_OC4_SetConfig       0x080007bb   0x40  Code  Lc  stm32f4xx_hal_tim.o [1]
TIM_TI1_ConfigInputStage
                        0x08000821   0x22  Code  Lc  stm32f4xx_hal_tim.o [1]
TIM_TI2_ConfigInputStage
                        0x08000843   0x24  Code  Lc  stm32f4xx_hal_tim.o [1]
UART_SetConfig          0x08001589  0x18e  Code  Lc  stm32f4xx_hal_uart.o [1]
__aeabi_cdcmpeq         0x08002091         Code  Gb  DblCmpEq.o [4]
__aeabi_cdcmple         0x08001395         Code  Gb  DblCmpLe.o [4]
__aeabi_cdrcmple        0x08001365         Code  Gb  DblCmpGe.o [4]
__aeabi_d2iz            0x08002045         Code  Gb  DblToI32.o [4]
__aeabi_ddiv            0x08001dfd         Code  Gb  DblDiv.o [4]
__aeabi_dmul            0x08001c59         Code  Gb  DblMul.o [4]
__aeabi_dsub            0x080011e5         Code  Gb  DblSub.o [4]
__aeabi_i2d             0x080011b9         Code  Gb  I32ToDbl.o [4]
__aeabi_ldiv0           0x080021a1         Code  Gb  I64DivZer.o [5]
__aeabi_uldivmod        0x080020b1         Code  Gb  I64DivMod.o [5]
__cmain                 0x0800229d         Code  Gb  cmain.o [5]
__exit                  0x080022cd   0x14  Code  Gb  exit.o [6]
__iar_copy_init3        0x0800088b   0x2e  Code  Gb  copy_init3.o [5]
__iar_d2uiz             0x08002071         Code  Gb  DblToI32.o [4]
__iar_dadd              0x08001b85         Code  Gb  DblAdd.o [4]
__iar_data_init3        0x08002235   0x28  Code  Gb  data_init.o [5]
__iar_dsub              0x080011f9         Code  Gb  DblSub.o [4]
__iar_dsubStart         0x0800120b         Code  Gb  DblSub.o [4]
__iar_init_vfp          0x08002281         Code  Gb  fpinit_M.o [4]
__iar_program_start     0x080022f1         Code  Gb  cstartup_M.o [5]
__iar_ui2d              0x080011cd         Code  Gb  I32ToDbl.o [4]
__iar_zero_init3        0x08000eeb   0x22  Code  Gb  zero_init3.o [5]
__low_level_init        0x080022b7    0x4  Code  Gb  low_level_init.o [3]
__vector_table          0x08000000         Data  Gb  startup_stm32f401xe.o [1]
_call_main              0x080022a9         Code  Gb  cmain.o [5]
_exit                   0x080022c1         Code  Gb  cexit.o [5]
_main                   0x080022b3         Code  Gb  cmain.o [5]
dir                     0x20000040    0x1  Data  Gb  stepper.o [1]
exit                    0x080022bb    0x4  Code  Gb  exit.o [3]
frequency               0x20000058    0x8  Data  Gb  stepper.o [1]
htim10                  0x20000004   0x3c  Data  Gb  main.o [1]
htim3                   0x20000114   0x3c  Data  Gb  main.o [1]
htim5                   0x200000d8   0x3c  Data  Gb  main.o [1]
huart2                  0x20000098   0x40  Data  Gb  main.o [1]
main                    0x08000b2d   0xe6  Code  Gb  main.o [1]
pos_err                 0x20000078    0x8  Data  Gb  main.o [1]
pre_Encoder5            0x2000008c    0x4  Data  Gb  main.o [1]
read_encoder            0x08000a61   0x12  Code  Gb  main.o [1]
rpm                     0x20000050    0x8  Data  Gb  stepper.o [1]
rps                     0x20000048    0x8  Data  Gb  stepper.o [1]
state                   0x20000000    0x1  Data  Gb  main.o [1]
status                  0x20000041    0x1  Data  Gb  stepper.o [1]
status_con              0x08001459   0x28  Code  Gb  stepper.o [1]
step_control            0x080013c5   0x94  Code  Gb  stepper.o [1]
stepper_pos             0x08000a75   0x4a  Code  Gb  main.o [1]
target_pos              0x20000080    0x8  Data  Gb  main.o [1]
uwTick                  0x20000070    0x4  Data  Gb  stm32f4xx_hal.o [1]
uwTickFreq              0x2000006c    0x1  Data  Gb  stm32f4xx_hal.o [1]
uwTickPrio              0x20000074    0x4  Data  Gb  stm32f4xx_hal.o [1]


[1] = D:\Coretex_code\step_test\2021.12.19_cortex_steppermotor\EWARM\step_test\Obj
[2] = command line
[3] = dl7M_tlf.a
[4] = m7M_tlv.a
[5] = rt7M_tl.a
[6] = shb_l.a

  9 156 bytes of readonly  code memory
    200 bytes of readonly  data memory
  1 360 bytes of readwrite data memory

Errors: none
Warnings: none
